// Jest Snapshot v1, https://goo.gl/fbAQLP

exports[`Address Book renders by default 1`] = `
<main
  class="sc-jzJRlG kAhIWh"
>
  <section
    class="sc-gqjmRU jPNVfR"
  >
    <input
      data-testid="input"
      type="text"
      value=""
    />
    <i
      class="sc-gZMcBi giNnHm material-icons"
    >
      search
    </i>
  </section>
  <ul
    class="sc-iwsKbI jHhKfw sc-dnqmqq bDsesi"
  />
  <div
    class="sc-bdVaJa etPSam"
  />
</main>
`;
